// Vitest Snapshot v1, https://vitest.dev/guide/snapshot.html

exports[`Tags > renders correctly 1`] = `
{
  "asFragment": [Function],
  "baseElement": <body>
    <div>
      <div
        class="flex items-start gap-x-1 text-xs font-bold"
      >
        <span
          class="rounded border border-shadow p-1 text-xs text-shadow"
          data-testid="tag"
        >
          Java
        </span>
        <span
          class="rounded border border-shadow p-1 text-xs text-shadow"
          data-testid="tag"
        >
          Tetris
        </span>
        <span
          class="rounded border border-shadow p-1 text-xs text-shadow"
          data-testid="tag"
        >
          Rage
        </span>
      </div>
    </div>
  </body>,
  "container": <div>
    <div
      class="flex items-start gap-x-1 text-xs font-bold"
    >
      <span
        class="rounded border border-shadow p-1 text-xs text-shadow"
        data-testid="tag"
      >
        Java
      </span>
      <span
        class="rounded border border-shadow p-1 text-xs text-shadow"
        data-testid="tag"
      >
        Tetris
      </span>
      <span
        class="rounded border border-shadow p-1 text-xs text-shadow"
        data-testid="tag"
      >
        Rage
      </span>
    </div>
  </div>,
  "debug": [Function],
  "findAllByAltText": [Function],
  "findAllByDisplayValue": [Function],
  "findAllByLabelText": [Function],
  "findAllByPlaceholderText": [Function],
  "findAllByRole": [Function],
  "findAllByTestId": [Function],
  "findAllByText": [Function],
  "findAllByTitle": [Function],
  "findByAltText": [Function],
  "findByDisplayValue": [Function],
  "findByLabelText": [Function],
  "findByPlaceholderText": [Function],
  "findByRole": [Function],
  "findByTestId": [Function],
  "findByText": [Function],
  "findByTitle": [Function],
  "getAllByAltText": [Function],
  "getAllByDisplayValue": [Function],
  "getAllByLabelText": [Function],
  "getAllByPlaceholderText": [Function],
  "getAllByRole": [Function],
  "getAllByTestId": [Function],
  "getAllByText": [Function],
  "getAllByTitle": [Function],
  "getByAltText": [Function],
  "getByDisplayValue": [Function],
  "getByLabelText": [Function],
  "getByPlaceholderText": [Function],
  "getByRole": [Function],
  "getByTestId": [Function],
  "getByText": [Function],
  "getByTitle": [Function],
  "queryAllByAltText": [Function],
  "queryAllByDisplayValue": [Function],
  "queryAllByLabelText": [Function],
  "queryAllByPlaceholderText": [Function],
  "queryAllByRole": [Function],
  "queryAllByTestId": [Function],
  "queryAllByText": [Function],
  "queryAllByTitle": [Function],
  "queryByAltText": [Function],
  "queryByDisplayValue": [Function],
  "queryByLabelText": [Function],
  "queryByPlaceholderText": [Function],
  "queryByRole": [Function],
  "queryByTestId": [Function],
  "queryByText": [Function],
  "queryByTitle": [Function],
  "rerender": [Function],
  "unmount": [Function],
}
`;
